[nicepage.com/html5-template/preview/aromatherapy-and-fitness-spa-1958623c52.html]
[backblue.gif]
[fade.gif]
[index.html]
[connect.facebook.net/en_US/fbevents.js]
[cdn.amplitude.com/libs/amplitude-5.2.2-min.gz.js]
[nicepage.com/html5-template/preview/aromatherapy-and-fitness-spa-1958623c52.html]
[nicepage.com/html5-template/preview/html5-template.html]
[nicepage.com/html5-template/preview/window.location.html]
[capp.nicepage.com/256293535171ad80f7699dcfb6567a76d6ae59ab/main-libs.css]
[capp.nicepage.com/256293535171ad80f7699dcfb6567a76d6ae59ab/main-libs.js]
[connect.facebook.net/en_US/fbevents.js]
[capp.nicepage.com/256293535171ad80f7699dcfb6567a76d6ae59ab/main-libs.js]
[capp.nicepage.com/256293535171ad80f7699dcfb6567a76d6ae59ab/main-libs.css]
[nicepage.com/html5-template/preview/a.html]
[nicepage.com/html5-template/preview/POST.html]
[nicepage.com/html5-template/preview/schema.org/index.html]
[nicepage.com/html5-template/preview/b.html]
[nicepage.com/signals/iwl.html]
[nicepage.com/html5-template/preview/Popover requires tooltip.html]
[nicepage.com/html5-template/preview/window.location-2.html]
[nicepage.com/html5-template/preview/downloadmacsafari.html]
[nicepage.com/html5-template/preview/downloadffpopup.html]
[nicepage.com/html5-template/preview/downloadwinpopup.html]
